// Jest Snapshot v1, https://goo.gl/fbAQLP

exports[`<CardBodyDetail/> snapchot  a cardDetail 1`] = `
ShallowWrapper {
  "length": 1,
  Symbol(enzyme.__root__): [Circular],
  Symbol(enzyme.__unrendered__): <CardBodyDetail
    data={
        Object {
            "author": "Feliciano",
            "body": "new situation",
            "timestamp": 1467166872634,
            "title": "Udacity",
            "voteScore": 4,
          }
    }
/>,
  Symbol(enzyme.__renderer__): Object {
    "batchedUpdates": [Function],
    "getNode": [Function],
    "render": [Function],
    "simulateEvent": [Function],
    "unmount": [Function],
  },
  Symbol(enzyme.__node__): Object {
    "instance": null,
    "key": undefined,
    "nodeType": "host",
    "props": Object {
      "children": Array [
        <div
          className="card-title"
>
          Udacity
</div>,
        <div
          className="card-text"
>
          new situation
</div>,
        <div
          className="card-text"
>
          <small>
                    <b>
                              Pontuação:
                    </b>
          </small>
           
          <div
                    className="badge"
          >
                    4
          </div>
</div>,
        <small
          className="text-muted "
>
          Criado por 
          Feliciano
           em 
          28/06/2016
</small>,
        <GroupButtonBody
          count={undefined}
          edit={undefined}
          remove={undefined}
          voteDown={undefined}
          voteUp={undefined}
/>,
      ],
      "className": "card-body  text-dark",
    },
    "ref": null,
    "rendered": Array [
      Object {
        "instance": null,
        "key": undefined,
        "nodeType": "host",
        "props": Object {
          "children": "Udacity",
          "className": "card-title",
        },
        "ref": null,
        "rendered": "Udacity",
        "type": "div",
      },
      Object {
        "instance": null,
        "key": undefined,
        "nodeType": "host",
        "props": Object {
          "children": "new situation",
          "className": "card-text",
        },
        "ref": null,
        "rendered": "new situation",
        "type": "div",
      },
      Object {
        "instance": null,
        "key": undefined,
        "nodeType": "host",
        "props": Object {
          "children": Array [
            <small>
              <b>
                            Pontuação:
              </b>
</small>,
            " ",
            <div
              className="badge"
>
              4
</div>,
          ],
          "className": "card-text",
        },
        "ref": null,
        "rendered": Array [
          Object {
            "instance": null,
            "key": undefined,
            "nodeType": "host",
            "props": Object {
              "children": <b>
                Pontuação:
</b>,
            },
            "ref": null,
            "rendered": Object {
              "instance": null,
              "key": undefined,
              "nodeType": "host",
              "props": Object {
                "children": "Pontuação:",
              },
              "ref": null,
              "rendered": "Pontuação:",
              "type": "b",
            },
            "type": "small",
          },
          " ",
          Object {
            "instance": null,
            "key": undefined,
            "nodeType": "host",
            "props": Object {
              "children": 4,
              "className": "badge",
            },
            "ref": null,
            "rendered": 4,
            "type": "div",
          },
        ],
        "type": "div",
      },
      Object {
        "instance": null,
        "key": undefined,
        "nodeType": "host",
        "props": Object {
          "children": Array [
            "Criado por ",
            "Feliciano",
            " em ",
            "28/06/2016",
          ],
          "className": "text-muted ",
        },
        "ref": null,
        "rendered": Array [
          "Criado por ",
          "Feliciano",
          " em ",
          "28/06/2016",
        ],
        "type": "small",
      },
      Object {
        "instance": null,
        "key": undefined,
        "nodeType": "function",
        "props": Object {
          "count": undefined,
          "edit": undefined,
          "remove": undefined,
          "voteDown": undefined,
          "voteUp": undefined,
        },
        "ref": null,
        "rendered": null,
        "type": [Function],
      },
    ],
    "type": "div",
  },
  Symbol(enzyme.__nodes__): Array [
    Object {
      "instance": null,
      "key": undefined,
      "nodeType": "host",
      "props": Object {
        "children": Array [
          <div
            className="card-title"
>
            Udacity
</div>,
          <div
            className="card-text"
>
            new situation
</div>,
          <div
            className="card-text"
>
            <small>
                        <b>
                                    Pontuação:
                        </b>
            </small>
             
            <div
                        className="badge"
            >
                        4
            </div>
</div>,
          <small
            className="text-muted "
>
            Criado por 
            Feliciano
             em 
            28/06/2016
</small>,
          <GroupButtonBody
            count={undefined}
            edit={undefined}
            remove={undefined}
            voteDown={undefined}
            voteUp={undefined}
/>,
        ],
        "className": "card-body  text-dark",
      },
      "ref": null,
      "rendered": Array [
        Object {
          "instance": null,
          "key": undefined,
          "nodeType": "host",
          "props": Object {
            "children": "Udacity",
            "className": "card-title",
          },
          "ref": null,
          "rendered": "Udacity",
          "type": "div",
        },
        Object {
          "instance": null,
          "key": undefined,
          "nodeType": "host",
          "props": Object {
            "children": "new situation",
            "className": "card-text",
          },
          "ref": null,
          "rendered": "new situation",
          "type": "div",
        },
        Object {
          "instance": null,
          "key": undefined,
          "nodeType": "host",
          "props": Object {
            "children": Array [
              <small>
                <b>
                                Pontuação:
                </b>
</small>,
              " ",
              <div
                className="badge"
>
                4
</div>,
            ],
            "className": "card-text",
          },
          "ref": null,
          "rendered": Array [
            Object {
              "instance": null,
              "key": undefined,
              "nodeType": "host",
              "props": Object {
                "children": <b>
                  Pontuação:
</b>,
              },
              "ref": null,
              "rendered": Object {
                "instance": null,
                "key": undefined,
                "nodeType": "host",
                "props": Object {
                  "children": "Pontuação:",
                },
                "ref": null,
                "rendered": "Pontuação:",
                "type": "b",
              },
              "type": "small",
            },
            " ",
            Object {
              "instance": null,
              "key": undefined,
              "nodeType": "host",
              "props": Object {
                "children": 4,
                "className": "badge",
              },
              "ref": null,
              "rendered": 4,
              "type": "div",
            },
          ],
          "type": "div",
        },
        Object {
          "instance": null,
          "key": undefined,
          "nodeType": "host",
          "props": Object {
            "children": Array [
              "Criado por ",
              "Feliciano",
              " em ",
              "28/06/2016",
            ],
            "className": "text-muted ",
          },
          "ref": null,
          "rendered": Array [
            "Criado por ",
            "Feliciano",
            " em ",
            "28/06/2016",
          ],
          "type": "small",
        },
        Object {
          "instance": null,
          "key": undefined,
          "nodeType": "function",
          "props": Object {
            "count": undefined,
            "edit": undefined,
            "remove": undefined,
            "voteDown": undefined,
            "voteUp": undefined,
          },
          "ref": null,
          "rendered": null,
          "type": [Function],
        },
      ],
      "type": "div",
    },
  ],
  Symbol(enzyme.__options__): Object {
    "adapter": ReactSixteenAdapter {
      "options": Object {
        "enableComponentDidUpdateOnSetState": true,
      },
    },
  },
}
`;

exports[`<CardBodyDetail/> snapshot  a cardDetail 1`] = `
ShallowWrapper {
  "length": 1,
  Symbol(enzyme.__root__): [Circular],
  Symbol(enzyme.__unrendered__): <CardBodyDetail
    data={
        Object {
            "author": "Feliciano",
            "body": "new situation",
            "timestamp": 1467166872634,
            "title": "Udacity",
            "voteScore": 4,
          }
    }
/>,
  Symbol(enzyme.__renderer__): Object {
    "batchedUpdates": [Function],
    "getNode": [Function],
    "render": [Function],
    "simulateEvent": [Function],
    "unmount": [Function],
  },
  Symbol(enzyme.__node__): Object {
    "instance": null,
    "key": undefined,
    "nodeType": "host",
    "props": Object {
      "children": Array [
        <div
          className="card-title"
>
          Udacity
</div>,
        <div
          className="card-text"
>
          new situation
</div>,
        <div
          className="card-text"
>
          <small>
                    <b>
                              Pontuação:
                    </b>
          </small>
           
          <div
                    className="badge"
          >
                    4
          </div>
</div>,
        <small
          className="text-muted "
>
          Criado por 
          Feliciano
           em 
          28/06/2016
</small>,
        <GroupButtonBody
          count={undefined}
          edit={undefined}
          remove={undefined}
          voteDown={undefined}
          voteUp={undefined}
/>,
      ],
      "className": "card-body  text-dark",
    },
    "ref": null,
    "rendered": Array [
      Object {
        "instance": null,
        "key": undefined,
        "nodeType": "host",
        "props": Object {
          "children": "Udacity",
          "className": "card-title",
        },
        "ref": null,
        "rendered": "Udacity",
        "type": "div",
      },
      Object {
        "instance": null,
        "key": undefined,
        "nodeType": "host",
        "props": Object {
          "children": "new situation",
          "className": "card-text",
        },
        "ref": null,
        "rendered": "new situation",
        "type": "div",
      },
      Object {
        "instance": null,
        "key": undefined,
        "nodeType": "host",
        "props": Object {
          "children": Array [
            <small>
              <b>
                            Pontuação:
              </b>
</small>,
            " ",
            <div
              className="badge"
>
              4
</div>,
          ],
          "className": "card-text",
        },
        "ref": null,
        "rendered": Array [
          Object {
            "instance": null,
            "key": undefined,
            "nodeType": "host",
            "props": Object {
              "children": <b>
                Pontuação:
</b>,
            },
            "ref": null,
            "rendered": Object {
              "instance": null,
              "key": undefined,
              "nodeType": "host",
              "props": Object {
                "children": "Pontuação:",
              },
              "ref": null,
              "rendered": "Pontuação:",
              "type": "b",
            },
            "type": "small",
          },
          " ",
          Object {
            "instance": null,
            "key": undefined,
            "nodeType": "host",
            "props": Object {
              "children": 4,
              "className": "badge",
            },
            "ref": null,
            "rendered": 4,
            "type": "div",
          },
        ],
        "type": "div",
      },
      Object {
        "instance": null,
        "key": undefined,
        "nodeType": "host",
        "props": Object {
          "children": Array [
            "Criado por ",
            "Feliciano",
            " em ",
            "28/06/2016",
          ],
          "className": "text-muted ",
        },
        "ref": null,
        "rendered": Array [
          "Criado por ",
          "Feliciano",
          " em ",
          "28/06/2016",
        ],
        "type": "small",
      },
      Object {
        "instance": null,
        "key": undefined,
        "nodeType": "function",
        "props": Object {
          "count": undefined,
          "edit": undefined,
          "remove": undefined,
          "voteDown": undefined,
          "voteUp": undefined,
        },
        "ref": null,
        "rendered": null,
        "type": [Function],
      },
    ],
    "type": "div",
  },
  Symbol(enzyme.__nodes__): Array [
    Object {
      "instance": null,
      "key": undefined,
      "nodeType": "host",
      "props": Object {
        "children": Array [
          <div
            className="card-title"
>
            Udacity
</div>,
          <div
            className="card-text"
>
            new situation
</div>,
          <div
            className="card-text"
>
            <small>
                        <b>
                                    Pontuação:
                        </b>
            </small>
             
            <div
                        className="badge"
            >
                        4
            </div>
</div>,
          <small
            className="text-muted "
>
            Criado por 
            Feliciano
             em 
            28/06/2016
</small>,
          <GroupButtonBody
            count={undefined}
            edit={undefined}
            remove={undefined}
            voteDown={undefined}
            voteUp={undefined}
/>,
        ],
        "className": "card-body  text-dark",
      },
      "ref": null,
      "rendered": Array [
        Object {
          "instance": null,
          "key": undefined,
          "nodeType": "host",
          "props": Object {
            "children": "Udacity",
            "className": "card-title",
          },
          "ref": null,
          "rendered": "Udacity",
          "type": "div",
        },
        Object {
          "instance": null,
          "key": undefined,
          "nodeType": "host",
          "props": Object {
            "children": "new situation",
            "className": "card-text",
          },
          "ref": null,
          "rendered": "new situation",
          "type": "div",
        },
        Object {
          "instance": null,
          "key": undefined,
          "nodeType": "host",
          "props": Object {
            "children": Array [
              <small>
                <b>
                                Pontuação:
                </b>
</small>,
              " ",
              <div
                className="badge"
>
                4
</div>,
            ],
            "className": "card-text",
          },
          "ref": null,
          "rendered": Array [
            Object {
              "instance": null,
              "key": undefined,
              "nodeType": "host",
              "props": Object {
                "children": <b>
                  Pontuação:
</b>,
              },
              "ref": null,
              "rendered": Object {
                "instance": null,
                "key": undefined,
                "nodeType": "host",
                "props": Object {
                  "children": "Pontuação:",
                },
                "ref": null,
                "rendered": "Pontuação:",
                "type": "b",
              },
              "type": "small",
            },
            " ",
            Object {
              "instance": null,
              "key": undefined,
              "nodeType": "host",
              "props": Object {
                "children": 4,
                "className": "badge",
              },
              "ref": null,
              "rendered": 4,
              "type": "div",
            },
          ],
          "type": "div",
        },
        Object {
          "instance": null,
          "key": undefined,
          "nodeType": "host",
          "props": Object {
            "children": Array [
              "Criado por ",
              "Feliciano",
              " em ",
              "28/06/2016",
            ],
            "className": "text-muted ",
          },
          "ref": null,
          "rendered": Array [
            "Criado por ",
            "Feliciano",
            " em ",
            "28/06/2016",
          ],
          "type": "small",
        },
        Object {
          "instance": null,
          "key": undefined,
          "nodeType": "function",
          "props": Object {
            "count": undefined,
            "edit": undefined,
            "remove": undefined,
            "voteDown": undefined,
            "voteUp": undefined,
          },
          "ref": null,
          "rendered": null,
          "type": [Function],
        },
      ],
      "type": "div",
    },
  ],
  Symbol(enzyme.__options__): Object {
    "adapter": ReactSixteenAdapter {
      "options": Object {
        "enableComponentDidUpdateOnSetState": true,
      },
    },
  },
}
`;
