// Jest Snapshot v1, https://goo.gl/fbAQLP

exports[`<NavBar/> shold component snapshot 1`] = `
ShallowWrapper {
  "length": 1,
  Symbol(enzyme.__root__): [Circular],
  Symbol(enzyme.__unrendered__): <Navbar
    categories={Array []}
    disabled={undefined}
    newPost={[Function]}
    sortPost={[Function]}
/>,
  Symbol(enzyme.__renderer__): Object {
    "batchedUpdates": [Function],
    "getNode": [Function],
    "render": [Function],
    "simulateEvent": [Function],
    "unmount": [Function],
  },
  Symbol(enzyme.__node__): Object {
    "instance": null,
    "key": undefined,
    "nodeType": "host",
    "props": Object {
      "children": Array [
        <NavLink
          activeClassName="active"
          ariaCurrent="true"
          className="navbar-brand"
          to="/"
>
          Udacity
</NavLink>,
        <div
          className="collapse navbar-collapse"
          id="navbarSupportedContent"
>
          <ul
                    className="navbar-nav mr-auto"
          >
                    <li
                              className="nav-item active"
                    >
                              <NavLink
                                        activeClassName="active"
                                        ariaCurrent="true"
                                        className="nav-link"
                                        to="/"
                              >
                                        Home 
                                        <span
                                                  className="sr-only"
                                        >
                                                  (current)
                                        </span>
                              </NavLink>
                    </li>
          </ul>
</div>,
        <form
          className="form-inline "
>
          <div
                    className="mr-sm-2"
          >
                    <select
                              className="form-control form-control-sm"
                              disabled={undefined}
                              id="sort"
                              onChange={[Function]}
                              value={undefined}
                    >
                              <option
                                        value="SCORE_BIGGER"
                              >
                                        Maior Pontuação
                              </option>
                              <option
                                        value="SCORE_SMALLER"
                              >
                                        Menor Pontuação
                              </option>
                              <option
                                        value="RECENT_POST"
                              >
                                        Postagens Recentes
                              </option>
                              <option
                                        value="OLD_POST"
                              >
                                        Postagens Antigas
                              </option>
                    </select>
          </div>
          <button
                    className="btn btn-outline-info btn-sm"
                    disabled={undefined}
                    onClick={[Function]}
                    type="button"
          >
                    Nova Postagem
          </button>
</form>,
      ],
      "className": "navbar navbar-expand-lg navbar-dark bg-dark justify-content-between",
    },
    "ref": null,
    "rendered": Array [
      Object {
        "instance": null,
        "key": undefined,
        "nodeType": "function",
        "props": Object {
          "activeClassName": "active",
          "ariaCurrent": "true",
          "children": "Udacity",
          "className": "navbar-brand",
          "to": "/",
        },
        "ref": null,
        "rendered": "Udacity",
        "type": [Function],
      },
      Object {
        "instance": null,
        "key": undefined,
        "nodeType": "host",
        "props": Object {
          "children": <ul
            className="navbar-nav mr-auto"
>
            <li
                        className="nav-item active"
            >
                        <NavLink
                                    activeClassName="active"
                                    ariaCurrent="true"
                                    className="nav-link"
                                    to="/"
                        >
                                    Home 
                                    <span
                                                className="sr-only"
                                    >
                                                (current)
                                    </span>
                        </NavLink>
            </li>
</ul>,
          "className": "collapse navbar-collapse",
          "id": "navbarSupportedContent",
        },
        "ref": null,
        "rendered": Object {
          "instance": null,
          "key": undefined,
          "nodeType": "host",
          "props": Object {
            "children": Array [
              <li
                className="nav-item active"
>
                <NavLink
                                activeClassName="active"
                                ariaCurrent="true"
                                className="nav-link"
                                to="/"
                >
                                Home 
                                <span
                                                className="sr-only"
                                >
                                                (current)
                                </span>
                </NavLink>
</li>,
              Array [],
            ],
            "className": "navbar-nav mr-auto",
          },
          "ref": null,
          "rendered": Array [
            Object {
              "instance": null,
              "key": undefined,
              "nodeType": "host",
              "props": Object {
                "children": <NavLink
                  activeClassName="active"
                  ariaCurrent="true"
                  className="nav-link"
                  to="/"
>
                  Home 
                  <span
                                    className="sr-only"
                  >
                                    (current)
                  </span>
</NavLink>,
                "className": "nav-item active",
              },
              "ref": null,
              "rendered": Object {
                "instance": null,
                "key": undefined,
                "nodeType": "function",
                "props": Object {
                  "activeClassName": "active",
                  "ariaCurrent": "true",
                  "children": Array [
                    "Home ",
                    <span
                      className="sr-only"
>
                      (current)
</span>,
                  ],
                  "className": "nav-link",
                  "to": "/",
                },
                "ref": null,
                "rendered": Array [
                  "Home ",
                  Object {
                    "instance": null,
                    "key": undefined,
                    "nodeType": "host",
                    "props": Object {
                      "children": "(current)",
                      "className": "sr-only",
                    },
                    "ref": null,
                    "rendered": "(current)",
                    "type": "span",
                  },
                ],
                "type": [Function],
              },
              "type": "li",
            },
          ],
          "type": "ul",
        },
        "type": "div",
      },
      Object {
        "instance": null,
        "key": undefined,
        "nodeType": "host",
        "props": Object {
          "children": Array [
            <div
              className="mr-sm-2"
>
              <select
                            className="form-control form-control-sm"
                            disabled={undefined}
                            id="sort"
                            onChange={[Function]}
                            value={undefined}
              >
                            <option
                                          value="SCORE_BIGGER"
                            >
                                          Maior Pontuação
                            </option>
                            <option
                                          value="SCORE_SMALLER"
                            >
                                          Menor Pontuação
                            </option>
                            <option
                                          value="RECENT_POST"
                            >
                                          Postagens Recentes
                            </option>
                            <option
                                          value="OLD_POST"
                            >
                                          Postagens Antigas
                            </option>
              </select>
</div>,
            <button
              className="btn btn-outline-info btn-sm"
              disabled={undefined}
              onClick={[Function]}
              type="button"
>
              Nova Postagem
</button>,
          ],
          "className": "form-inline ",
        },
        "ref": null,
        "rendered": Array [
          Object {
            "instance": null,
            "key": undefined,
            "nodeType": "host",
            "props": Object {
              "children": <select
                className="form-control form-control-sm"
                disabled={undefined}
                id="sort"
                onChange={[Function]}
                value={undefined}
>
                <option
                                value="SCORE_BIGGER"
                >
                                Maior Pontuação
                </option>
                <option
                                value="SCORE_SMALLER"
                >
                                Menor Pontuação
                </option>
                <option
                                value="RECENT_POST"
                >
                                Postagens Recentes
                </option>
                <option
                                value="OLD_POST"
                >
                                Postagens Antigas
                </option>
</select>,
              "className": "mr-sm-2",
            },
            "ref": null,
            "rendered": Object {
              "instance": null,
              "key": undefined,
              "nodeType": "host",
              "props": Object {
                "children": Array [
                  <option
                    value="SCORE_BIGGER"
>
                    Maior Pontuação
</option>,
                  <option
                    value="SCORE_SMALLER"
>
                    Menor Pontuação
</option>,
                  <option
                    value="RECENT_POST"
>
                    Postagens Recentes
</option>,
                  <option
                    value="OLD_POST"
>
                    Postagens Antigas
</option>,
                ],
                "className": "form-control form-control-sm",
                "disabled": undefined,
                "id": "sort",
                "onChange": [Function],
                "value": undefined,
              },
              "ref": null,
              "rendered": Array [
                Object {
                  "instance": null,
                  "key": undefined,
                  "nodeType": "host",
                  "props": Object {
                    "children": "Maior Pontuação",
                    "value": "SCORE_BIGGER",
                  },
                  "ref": null,
                  "rendered": "Maior Pontuação",
                  "type": "option",
                },
                Object {
                  "instance": null,
                  "key": undefined,
                  "nodeType": "host",
                  "props": Object {
                    "children": "Menor Pontuação",
                    "value": "SCORE_SMALLER",
                  },
                  "ref": null,
                  "rendered": "Menor Pontuação",
                  "type": "option",
                },
                Object {
                  "instance": null,
                  "key": undefined,
                  "nodeType": "host",
                  "props": Object {
                    "children": "Postagens Recentes",
                    "value": "RECENT_POST",
                  },
                  "ref": null,
                  "rendered": "Postagens Recentes",
                  "type": "option",
                },
                Object {
                  "instance": null,
                  "key": undefined,
                  "nodeType": "host",
                  "props": Object {
                    "children": "Postagens Antigas",
                    "value": "OLD_POST",
                  },
                  "ref": null,
                  "rendered": "Postagens Antigas",
                  "type": "option",
                },
              ],
              "type": "select",
            },
            "type": "div",
          },
          Object {
            "instance": null,
            "key": undefined,
            "nodeType": "host",
            "props": Object {
              "children": "Nova Postagem",
              "className": "btn btn-outline-info btn-sm",
              "disabled": undefined,
              "onClick": [Function],
              "type": "button",
            },
            "ref": null,
            "rendered": "Nova Postagem",
            "type": "button",
          },
        ],
        "type": "form",
      },
    ],
    "type": "nav",
  },
  Symbol(enzyme.__nodes__): Array [
    Object {
      "instance": null,
      "key": undefined,
      "nodeType": "host",
      "props": Object {
        "children": Array [
          <NavLink
            activeClassName="active"
            ariaCurrent="true"
            className="navbar-brand"
            to="/"
>
            Udacity
</NavLink>,
          <div
            className="collapse navbar-collapse"
            id="navbarSupportedContent"
>
            <ul
                        className="navbar-nav mr-auto"
            >
                        <li
                                    className="nav-item active"
                        >
                                    <NavLink
                                                activeClassName="active"
                                                ariaCurrent="true"
                                                className="nav-link"
                                                to="/"
                                    >
                                                Home 
                                                <span
                                                            className="sr-only"
                                                >
                                                            (current)
                                                </span>
                                    </NavLink>
                        </li>
            </ul>
</div>,
          <form
            className="form-inline "
>
            <div
                        className="mr-sm-2"
            >
                        <select
                                    className="form-control form-control-sm"
                                    disabled={undefined}
                                    id="sort"
                                    onChange={[Function]}
                                    value={undefined}
                        >
                                    <option
                                                value="SCORE_BIGGER"
                                    >
                                                Maior Pontuação
                                    </option>
                                    <option
                                                value="SCORE_SMALLER"
                                    >
                                                Menor Pontuação
                                    </option>
                                    <option
                                                value="RECENT_POST"
                                    >
                                                Postagens Recentes
                                    </option>
                                    <option
                                                value="OLD_POST"
                                    >
                                                Postagens Antigas
                                    </option>
                        </select>
            </div>
            <button
                        className="btn btn-outline-info btn-sm"
                        disabled={undefined}
                        onClick={[Function]}
                        type="button"
            >
                        Nova Postagem
            </button>
</form>,
        ],
        "className": "navbar navbar-expand-lg navbar-dark bg-dark justify-content-between",
      },
      "ref": null,
      "rendered": Array [
        Object {
          "instance": null,
          "key": undefined,
          "nodeType": "function",
          "props": Object {
            "activeClassName": "active",
            "ariaCurrent": "true",
            "children": "Udacity",
            "className": "navbar-brand",
            "to": "/",
          },
          "ref": null,
          "rendered": "Udacity",
          "type": [Function],
        },
        Object {
          "instance": null,
          "key": undefined,
          "nodeType": "host",
          "props": Object {
            "children": <ul
              className="navbar-nav mr-auto"
>
              <li
                            className="nav-item active"
              >
                            <NavLink
                                          activeClassName="active"
                                          ariaCurrent="true"
                                          className="nav-link"
                                          to="/"
                            >
                                          Home 
                                          <span
                                                        className="sr-only"
                                          >
                                                        (current)
                                          </span>
                            </NavLink>
              </li>
</ul>,
            "className": "collapse navbar-collapse",
            "id": "navbarSupportedContent",
          },
          "ref": null,
          "rendered": Object {
            "instance": null,
            "key": undefined,
            "nodeType": "host",
            "props": Object {
              "children": Array [
                <li
                  className="nav-item active"
>
                  <NavLink
                                    activeClassName="active"
                                    ariaCurrent="true"
                                    className="nav-link"
                                    to="/"
                  >
                                    Home 
                                    <span
                                                      className="sr-only"
                                    >
                                                      (current)
                                    </span>
                  </NavLink>
</li>,
                Array [],
              ],
              "className": "navbar-nav mr-auto",
            },
            "ref": null,
            "rendered": Array [
              Object {
                "instance": null,
                "key": undefined,
                "nodeType": "host",
                "props": Object {
                  "children": <NavLink
                    activeClassName="active"
                    ariaCurrent="true"
                    className="nav-link"
                    to="/"
>
                    Home 
                    <span
                                        className="sr-only"
                    >
                                        (current)
                    </span>
</NavLink>,
                  "className": "nav-item active",
                },
                "ref": null,
                "rendered": Object {
                  "instance": null,
                  "key": undefined,
                  "nodeType": "function",
                  "props": Object {
                    "activeClassName": "active",
                    "ariaCurrent": "true",
                    "children": Array [
                      "Home ",
                      <span
                        className="sr-only"
>
                        (current)
</span>,
                    ],
                    "className": "nav-link",
                    "to": "/",
                  },
                  "ref": null,
                  "rendered": Array [
                    "Home ",
                    Object {
                      "instance": null,
                      "key": undefined,
                      "nodeType": "host",
                      "props": Object {
                        "children": "(current)",
                        "className": "sr-only",
                      },
                      "ref": null,
                      "rendered": "(current)",
                      "type": "span",
                    },
                  ],
                  "type": [Function],
                },
                "type": "li",
              },
            ],
            "type": "ul",
          },
          "type": "div",
        },
        Object {
          "instance": null,
          "key": undefined,
          "nodeType": "host",
          "props": Object {
            "children": Array [
              <div
                className="mr-sm-2"
>
                <select
                                className="form-control form-control-sm"
                                disabled={undefined}
                                id="sort"
                                onChange={[Function]}
                                value={undefined}
                >
                                <option
                                                value="SCORE_BIGGER"
                                >
                                                Maior Pontuação
                                </option>
                                <option
                                                value="SCORE_SMALLER"
                                >
                                                Menor Pontuação
                                </option>
                                <option
                                                value="RECENT_POST"
                                >
                                                Postagens Recentes
                                </option>
                                <option
                                                value="OLD_POST"
                                >
                                                Postagens Antigas
                                </option>
                </select>
</div>,
              <button
                className="btn btn-outline-info btn-sm"
                disabled={undefined}
                onClick={[Function]}
                type="button"
>
                Nova Postagem
</button>,
            ],
            "className": "form-inline ",
          },
          "ref": null,
          "rendered": Array [
            Object {
              "instance": null,
              "key": undefined,
              "nodeType": "host",
              "props": Object {
                "children": <select
                  className="form-control form-control-sm"
                  disabled={undefined}
                  id="sort"
                  onChange={[Function]}
                  value={undefined}
>
                  <option
                                    value="SCORE_BIGGER"
                  >
                                    Maior Pontuação
                  </option>
                  <option
                                    value="SCORE_SMALLER"
                  >
                                    Menor Pontuação
                  </option>
                  <option
                                    value="RECENT_POST"
                  >
                                    Postagens Recentes
                  </option>
                  <option
                                    value="OLD_POST"
                  >
                                    Postagens Antigas
                  </option>
</select>,
                "className": "mr-sm-2",
              },
              "ref": null,
              "rendered": Object {
                "instance": null,
                "key": undefined,
                "nodeType": "host",
                "props": Object {
                  "children": Array [
                    <option
                      value="SCORE_BIGGER"
>
                      Maior Pontuação
</option>,
                    <option
                      value="SCORE_SMALLER"
>
                      Menor Pontuação
</option>,
                    <option
                      value="RECENT_POST"
>
                      Postagens Recentes
</option>,
                    <option
                      value="OLD_POST"
>
                      Postagens Antigas
</option>,
                  ],
                  "className": "form-control form-control-sm",
                  "disabled": undefined,
                  "id": "sort",
                  "onChange": [Function],
                  "value": undefined,
                },
                "ref": null,
                "rendered": Array [
                  Object {
                    "instance": null,
                    "key": undefined,
                    "nodeType": "host",
                    "props": Object {
                      "children": "Maior Pontuação",
                      "value": "SCORE_BIGGER",
                    },
                    "ref": null,
                    "rendered": "Maior Pontuação",
                    "type": "option",
                  },
                  Object {
                    "instance": null,
                    "key": undefined,
                    "nodeType": "host",
                    "props": Object {
                      "children": "Menor Pontuação",
                      "value": "SCORE_SMALLER",
                    },
                    "ref": null,
                    "rendered": "Menor Pontuação",
                    "type": "option",
                  },
                  Object {
                    "instance": null,
                    "key": undefined,
                    "nodeType": "host",
                    "props": Object {
                      "children": "Postagens Recentes",
                      "value": "RECENT_POST",
                    },
                    "ref": null,
                    "rendered": "Postagens Recentes",
                    "type": "option",
                  },
                  Object {
                    "instance": null,
                    "key": undefined,
                    "nodeType": "host",
                    "props": Object {
                      "children": "Postagens Antigas",
                      "value": "OLD_POST",
                    },
                    "ref": null,
                    "rendered": "Postagens Antigas",
                    "type": "option",
                  },
                ],
                "type": "select",
              },
              "type": "div",
            },
            Object {
              "instance": null,
              "key": undefined,
              "nodeType": "host",
              "props": Object {
                "children": "Nova Postagem",
                "className": "btn btn-outline-info btn-sm",
                "disabled": undefined,
                "onClick": [Function],
                "type": "button",
              },
              "ref": null,
              "rendered": "Nova Postagem",
              "type": "button",
            },
          ],
          "type": "form",
        },
      ],
      "type": "nav",
    },
  ],
  Symbol(enzyme.__options__): Object {
    "adapter": ReactSixteenAdapter {
      "options": Object {
        "enableComponentDidUpdateOnSetState": true,
      },
    },
  },
}
`;
