// Jest Snapshot v1, https://goo.gl/fbAQLP

exports[`<NavBarMain/> shold component snapshot 1`] = `
ShallowWrapper {
  "length": 1,
  Symbol(enzyme.__root__): [Circular],
  Symbol(enzyme.__unrendered__): <NavbarMain
    categories={Array []}
    newPost={[Function]}
    pushRoute={[Function]}
    sortPost={[Function]}
/>,
  Symbol(enzyme.__renderer__): Object {
    "batchedUpdates": [Function],
    "getNode": [Function],
    "render": [Function],
    "simulateEvent": [Function],
    "unmount": [Function],
  },
  Symbol(enzyme.__node__): Object {
    "instance": null,
    "key": undefined,
    "nodeType": "host",
    "props": Object {
      "children": Array [
        <a
          className="navbar-brand"
          href="/"
>
          Projeto Udacity Leitura
</a>,
        <form
          className="form-inline "
>
          <div
                    className="mr-sm-2"
          >
                    <select
                              className="form-control form-control-sm"
                              defaultValue=""
                              id="category"
                              onChange={[Function]}
                    >
                              <option
                                        disabled={true}
                                        hidden={true}
                                        value=""
                              >
                                        Escolha uma categoria
                              </option>
                    </select>
          </div>
          <div
                    className="mr-sm-2"
          >
                    <select
                              className="form-control form-control-sm"
                              id="sort"
                              onChange={[Function]}
                    >
                              <option
                                        value="SCORE_BIGGER"
                              >
                                        Maior Pontuação
                              </option>
                              <option
                                        value="SCORE_SMALLER"
                              >
                                        Menor Pontuação
                              </option>
                              <option
                                        value="RECENT_POST"
                              >
                                        Postagens Recentes
                              </option>
                              <option
                                        value="OLD_POST"
                              >
                                        Postagens Antigas
                              </option>
                    </select>
          </div>
          <button
                    className="btn btn-outline-info btn-sm"
                    onClick={[Function]}
                    type="button"
          >
                    Nova Postagem
          </button>
</form>,
      ],
      "className": "navbar navbar-expand-lg navbar-dark bg-dark justify-content-between",
    },
    "ref": null,
    "rendered": Array [
      Object {
        "instance": null,
        "key": undefined,
        "nodeType": "host",
        "props": Object {
          "children": "Projeto Udacity Leitura",
          "className": "navbar-brand",
          "href": "/",
        },
        "ref": null,
        "rendered": "Projeto Udacity Leitura",
        "type": "a",
      },
      Object {
        "instance": null,
        "key": undefined,
        "nodeType": "host",
        "props": Object {
          "children": Array [
            <div
              className="mr-sm-2"
>
              <select
                            className="form-control form-control-sm"
                            defaultValue=""
                            id="category"
                            onChange={[Function]}
              >
                            <option
                                          disabled={true}
                                          hidden={true}
                                          value=""
                            >
                                          Escolha uma categoria
                            </option>
              </select>
</div>,
            <div
              className="mr-sm-2"
>
              <select
                            className="form-control form-control-sm"
                            id="sort"
                            onChange={[Function]}
              >
                            <option
                                          value="SCORE_BIGGER"
                            >
                                          Maior Pontuação
                            </option>
                            <option
                                          value="SCORE_SMALLER"
                            >
                                          Menor Pontuação
                            </option>
                            <option
                                          value="RECENT_POST"
                            >
                                          Postagens Recentes
                            </option>
                            <option
                                          value="OLD_POST"
                            >
                                          Postagens Antigas
                            </option>
              </select>
</div>,
            <button
              className="btn btn-outline-info btn-sm"
              onClick={[Function]}
              type="button"
>
              Nova Postagem
</button>,
          ],
          "className": "form-inline ",
        },
        "ref": null,
        "rendered": Array [
          Object {
            "instance": null,
            "key": undefined,
            "nodeType": "host",
            "props": Object {
              "children": <select
                className="form-control form-control-sm"
                defaultValue=""
                id="category"
                onChange={[Function]}
>
                <option
                                disabled={true}
                                hidden={true}
                                value=""
                >
                                Escolha uma categoria
                </option>
</select>,
              "className": "mr-sm-2",
            },
            "ref": null,
            "rendered": Object {
              "instance": null,
              "key": undefined,
              "nodeType": "host",
              "props": Object {
                "children": Array [
                  <option
                    disabled={true}
                    hidden={true}
                    value=""
>
                    Escolha uma categoria
</option>,
                  Array [],
                ],
                "className": "form-control form-control-sm",
                "defaultValue": "",
                "id": "category",
                "onChange": [Function],
              },
              "ref": null,
              "rendered": Array [
                Object {
                  "instance": null,
                  "key": undefined,
                  "nodeType": "host",
                  "props": Object {
                    "children": "Escolha uma categoria",
                    "disabled": true,
                    "hidden": true,
                    "value": "",
                  },
                  "ref": null,
                  "rendered": "Escolha uma categoria",
                  "type": "option",
                },
              ],
              "type": "select",
            },
            "type": "div",
          },
          Object {
            "instance": null,
            "key": undefined,
            "nodeType": "host",
            "props": Object {
              "children": <select
                className="form-control form-control-sm"
                id="sort"
                onChange={[Function]}
>
                <option
                                value="SCORE_BIGGER"
                >
                                Maior Pontuação
                </option>
                <option
                                value="SCORE_SMALLER"
                >
                                Menor Pontuação
                </option>
                <option
                                value="RECENT_POST"
                >
                                Postagens Recentes
                </option>
                <option
                                value="OLD_POST"
                >
                                Postagens Antigas
                </option>
</select>,
              "className": "mr-sm-2",
            },
            "ref": null,
            "rendered": Object {
              "instance": null,
              "key": undefined,
              "nodeType": "host",
              "props": Object {
                "children": Array [
                  <option
                    value="SCORE_BIGGER"
>
                    Maior Pontuação
</option>,
                  <option
                    value="SCORE_SMALLER"
>
                    Menor Pontuação
</option>,
                  <option
                    value="RECENT_POST"
>
                    Postagens Recentes
</option>,
                  <option
                    value="OLD_POST"
>
                    Postagens Antigas
</option>,
                ],
                "className": "form-control form-control-sm",
                "id": "sort",
                "onChange": [Function],
              },
              "ref": null,
              "rendered": Array [
                Object {
                  "instance": null,
                  "key": undefined,
                  "nodeType": "host",
                  "props": Object {
                    "children": "Maior Pontuação",
                    "value": "SCORE_BIGGER",
                  },
                  "ref": null,
                  "rendered": "Maior Pontuação",
                  "type": "option",
                },
                Object {
                  "instance": null,
                  "key": undefined,
                  "nodeType": "host",
                  "props": Object {
                    "children": "Menor Pontuação",
                    "value": "SCORE_SMALLER",
                  },
                  "ref": null,
                  "rendered": "Menor Pontuação",
                  "type": "option",
                },
                Object {
                  "instance": null,
                  "key": undefined,
                  "nodeType": "host",
                  "props": Object {
                    "children": "Postagens Recentes",
                    "value": "RECENT_POST",
                  },
                  "ref": null,
                  "rendered": "Postagens Recentes",
                  "type": "option",
                },
                Object {
                  "instance": null,
                  "key": undefined,
                  "nodeType": "host",
                  "props": Object {
                    "children": "Postagens Antigas",
                    "value": "OLD_POST",
                  },
                  "ref": null,
                  "rendered": "Postagens Antigas",
                  "type": "option",
                },
              ],
              "type": "select",
            },
            "type": "div",
          },
          Object {
            "instance": null,
            "key": undefined,
            "nodeType": "host",
            "props": Object {
              "children": "Nova Postagem",
              "className": "btn btn-outline-info btn-sm",
              "onClick": [Function],
              "type": "button",
            },
            "ref": null,
            "rendered": "Nova Postagem",
            "type": "button",
          },
        ],
        "type": "form",
      },
    ],
    "type": "nav",
  },
  Symbol(enzyme.__nodes__): Array [
    Object {
      "instance": null,
      "key": undefined,
      "nodeType": "host",
      "props": Object {
        "children": Array [
          <a
            className="navbar-brand"
            href="/"
>
            Projeto Udacity Leitura
</a>,
          <form
            className="form-inline "
>
            <div
                        className="mr-sm-2"
            >
                        <select
                                    className="form-control form-control-sm"
                                    defaultValue=""
                                    id="category"
                                    onChange={[Function]}
                        >
                                    <option
                                                disabled={true}
                                                hidden={true}
                                                value=""
                                    >
                                                Escolha uma categoria
                                    </option>
                        </select>
            </div>
            <div
                        className="mr-sm-2"
            >
                        <select
                                    className="form-control form-control-sm"
                                    id="sort"
                                    onChange={[Function]}
                        >
                                    <option
                                                value="SCORE_BIGGER"
                                    >
                                                Maior Pontuação
                                    </option>
                                    <option
                                                value="SCORE_SMALLER"
                                    >
                                                Menor Pontuação
                                    </option>
                                    <option
                                                value="RECENT_POST"
                                    >
                                                Postagens Recentes
                                    </option>
                                    <option
                                                value="OLD_POST"
                                    >
                                                Postagens Antigas
                                    </option>
                        </select>
            </div>
            <button
                        className="btn btn-outline-info btn-sm"
                        onClick={[Function]}
                        type="button"
            >
                        Nova Postagem
            </button>
</form>,
        ],
        "className": "navbar navbar-expand-lg navbar-dark bg-dark justify-content-between",
      },
      "ref": null,
      "rendered": Array [
        Object {
          "instance": null,
          "key": undefined,
          "nodeType": "host",
          "props": Object {
            "children": "Projeto Udacity Leitura",
            "className": "navbar-brand",
            "href": "/",
          },
          "ref": null,
          "rendered": "Projeto Udacity Leitura",
          "type": "a",
        },
        Object {
          "instance": null,
          "key": undefined,
          "nodeType": "host",
          "props": Object {
            "children": Array [
              <div
                className="mr-sm-2"
>
                <select
                                className="form-control form-control-sm"
                                defaultValue=""
                                id="category"
                                onChange={[Function]}
                >
                                <option
                                                disabled={true}
                                                hidden={true}
                                                value=""
                                >
                                                Escolha uma categoria
                                </option>
                </select>
</div>,
              <div
                className="mr-sm-2"
>
                <select
                                className="form-control form-control-sm"
                                id="sort"
                                onChange={[Function]}
                >
                                <option
                                                value="SCORE_BIGGER"
                                >
                                                Maior Pontuação
                                </option>
                                <option
                                                value="SCORE_SMALLER"
                                >
                                                Menor Pontuação
                                </option>
                                <option
                                                value="RECENT_POST"
                                >
                                                Postagens Recentes
                                </option>
                                <option
                                                value="OLD_POST"
                                >
                                                Postagens Antigas
                                </option>
                </select>
</div>,
              <button
                className="btn btn-outline-info btn-sm"
                onClick={[Function]}
                type="button"
>
                Nova Postagem
</button>,
            ],
            "className": "form-inline ",
          },
          "ref": null,
          "rendered": Array [
            Object {
              "instance": null,
              "key": undefined,
              "nodeType": "host",
              "props": Object {
                "children": <select
                  className="form-control form-control-sm"
                  defaultValue=""
                  id="category"
                  onChange={[Function]}
>
                  <option
                                    disabled={true}
                                    hidden={true}
                                    value=""
                  >
                                    Escolha uma categoria
                  </option>
</select>,
                "className": "mr-sm-2",
              },
              "ref": null,
              "rendered": Object {
                "instance": null,
                "key": undefined,
                "nodeType": "host",
                "props": Object {
                  "children": Array [
                    <option
                      disabled={true}
                      hidden={true}
                      value=""
>
                      Escolha uma categoria
</option>,
                    Array [],
                  ],
                  "className": "form-control form-control-sm",
                  "defaultValue": "",
                  "id": "category",
                  "onChange": [Function],
                },
                "ref": null,
                "rendered": Array [
                  Object {
                    "instance": null,
                    "key": undefined,
                    "nodeType": "host",
                    "props": Object {
                      "children": "Escolha uma categoria",
                      "disabled": true,
                      "hidden": true,
                      "value": "",
                    },
                    "ref": null,
                    "rendered": "Escolha uma categoria",
                    "type": "option",
                  },
                ],
                "type": "select",
              },
              "type": "div",
            },
            Object {
              "instance": null,
              "key": undefined,
              "nodeType": "host",
              "props": Object {
                "children": <select
                  className="form-control form-control-sm"
                  id="sort"
                  onChange={[Function]}
>
                  <option
                                    value="SCORE_BIGGER"
                  >
                                    Maior Pontuação
                  </option>
                  <option
                                    value="SCORE_SMALLER"
                  >
                                    Menor Pontuação
                  </option>
                  <option
                                    value="RECENT_POST"
                  >
                                    Postagens Recentes
                  </option>
                  <option
                                    value="OLD_POST"
                  >
                                    Postagens Antigas
                  </option>
</select>,
                "className": "mr-sm-2",
              },
              "ref": null,
              "rendered": Object {
                "instance": null,
                "key": undefined,
                "nodeType": "host",
                "props": Object {
                  "children": Array [
                    <option
                      value="SCORE_BIGGER"
>
                      Maior Pontuação
</option>,
                    <option
                      value="SCORE_SMALLER"
>
                      Menor Pontuação
</option>,
                    <option
                      value="RECENT_POST"
>
                      Postagens Recentes
</option>,
                    <option
                      value="OLD_POST"
>
                      Postagens Antigas
</option>,
                  ],
                  "className": "form-control form-control-sm",
                  "id": "sort",
                  "onChange": [Function],
                },
                "ref": null,
                "rendered": Array [
                  Object {
                    "instance": null,
                    "key": undefined,
                    "nodeType": "host",
                    "props": Object {
                      "children": "Maior Pontuação",
                      "value": "SCORE_BIGGER",
                    },
                    "ref": null,
                    "rendered": "Maior Pontuação",
                    "type": "option",
                  },
                  Object {
                    "instance": null,
                    "key": undefined,
                    "nodeType": "host",
                    "props": Object {
                      "children": "Menor Pontuação",
                      "value": "SCORE_SMALLER",
                    },
                    "ref": null,
                    "rendered": "Menor Pontuação",
                    "type": "option",
                  },
                  Object {
                    "instance": null,
                    "key": undefined,
                    "nodeType": "host",
                    "props": Object {
                      "children": "Postagens Recentes",
                      "value": "RECENT_POST",
                    },
                    "ref": null,
                    "rendered": "Postagens Recentes",
                    "type": "option",
                  },
                  Object {
                    "instance": null,
                    "key": undefined,
                    "nodeType": "host",
                    "props": Object {
                      "children": "Postagens Antigas",
                      "value": "OLD_POST",
                    },
                    "ref": null,
                    "rendered": "Postagens Antigas",
                    "type": "option",
                  },
                ],
                "type": "select",
              },
              "type": "div",
            },
            Object {
              "instance": null,
              "key": undefined,
              "nodeType": "host",
              "props": Object {
                "children": "Nova Postagem",
                "className": "btn btn-outline-info btn-sm",
                "onClick": [Function],
                "type": "button",
              },
              "ref": null,
              "rendered": "Nova Postagem",
              "type": "button",
            },
          ],
          "type": "form",
        },
      ],
      "type": "nav",
    },
  ],
  Symbol(enzyme.__options__): Object {
    "adapter": ReactSixteenAdapter {
      "options": Object {
        "enableComponentDidUpdateOnSetState": true,
      },
    },
  },
}
`;
